exports[`test renders with accessory 1`] = `
<View>
  <View
    style={
      Array [
        Object {
          "alignItems": "center",
          "flexDirection": "row",
          "minHeight": 44,
          "paddingLeft": 15,
          "paddingRight": 20,
        },
        Object {
          "backgroundColor": "#FFF",
        },
        Object {},
      ]
    }>
    <View
      style={
        Array [
          Object {
            "alignItems": "center",
            "flex": 1,
            "flexDirection": "row",
            "justifyContent": "center",
            "paddingVertical": 10,
          },
          Object {
            "paddingVertical": 4,
          },
        ]
      }>
      <View
        style={
          Object {
            "flex": 1,
            "flexDirection": "column",
          }
        }>
        <Text
          accessible={true}
          allowFontScaling={true}
          ellipsizeMode="tail"
          numberOfLines={1}
          style={
            Array [
              Object {
                "flex": 1,
                "fontSize": 16,
              },
              Object {
                "color": "#000",
              },
            ]
          }>
          Subtitle
        </Text>
        <Text
          accessible={true}
          allowFontScaling={true}
          ellipsizeMode="tail"
          numberOfLines={1}
          style={
            Object {
              "fontSize": 11,
            }
          }>
          No linebreakkkkkkkkkkkkkkkkkkkkkkkkkkkkkkkkkkkkkkkkkkkkkkkkkkkkkkkkkkkkkkkkkkkk
        </Text>
      </View>
    </View>
    <View
      style={
        Object {
          "justifyContent": "center",
        }
      }>
      <View
        style={
          Object {
            "backgroundColor": "transparent",
            "borderColor": "#c7c7cc",
            "borderRightWidth": 1,
            "borderTopWidth": 1,
            "height": 10,
            "marginLeft": 7,
            "transform": Array [
              Object {
                "rotate": "45deg",
              },
            ],
            "width": 10,
          }
        } />
    </View>
  </View>
</View>
`;

exports[`test renders with subtitle 1`] = `
<View>
  <View
    style={
      Array [
        Object {
          "alignItems": "center",
          "flexDirection": "row",
          "minHeight": 44,
          "paddingLeft": 15,
          "paddingRight": 20,
        },
        Object {
          "backgroundColor": "#FFF",
        },
        Object {},
      ]
    }>
    <View
      style={
        Array [
          Object {
            "alignItems": "center",
            "flex": 1,
            "flexDirection": "row",
            "justifyContent": "center",
            "paddingVertical": 10,
          },
          Object {
            "paddingVertical": 4,
          },
        ]
      }>
      <View
        style={
          Object {
            "flex": 1,
            "flexDirection": "column",
          }
        }>
        <Text
          accessible={true}
          allowFontScaling={true}
          ellipsizeMode="tail"
          numberOfLines={1}
          style={
            Array [
              Object {
                "flex": 1,
                "fontSize": 16,
              },
              Object {
                "color": "#000",
              },
            ]
          }>
          Subtitle
        </Text>
        <Text
          accessible={true}
          allowFontScaling={true}
          ellipsizeMode="tail"
          numberOfLines={1}
          style={
            Object {
              "fontSize": 11,
            }
          }>
          No linebreakkkkkkkkkkkkkkkkkkkkkkkkkkkkkkkkkkkkkkkkkkkkkkkkkkkkkkkkkkkkkkkkkkkk
        </Text>
      </View>
    </View>
  </View>
</View>
`;
