// Jest Snapshot v1, https://goo.gl/fbAQLP

exports[`renders with accessory 1`] = `
<View>
  <RCTSafeAreaView
    emulateUnlessSupported={true}
    style={
      Array [
        Object {
          "backgroundColor": "#FFF",
        },
        Object {
          "flexGrow": 1,
        },
      ]
    }
  >
    <View
      style={
        Array [
          Object {
            "alignItems": "center",
            "flexDirection": "row",
            "minHeight": 44,
            "paddingLeft": 15,
            "paddingRight": 20,
          },
          Object {},
        ]
      }
    >
      <View
        style={
          Array [
            Object {
              "alignItems": "center",
              "flexBasis": 0,
              "flexDirection": "row",
              "flexGrow": 1,
              "justifyContent": "center",
              "paddingVertical": 10,
            },
            Object {
              "paddingVertical": 4,
            },
          ]
        }
      >
        <View
          style={
            Object {
              "flexDirection": "column",
              "flexGrow": 1,
            }
          }
        >
          <Text
            allowFontScaling={true}
            numberOfLines={1}
            style={
              Array [
                Object {
                  "flexGrow": 1,
                  "fontSize": 16,
                  "letterSpacing": -0.32,
                },
                Object {
                  "color": "#000",
                },
                Object {},
              ]
            }
          >
            Subtitle
          </Text>
          <Text
            allowFontScaling={true}
            numberOfLines={1}
            style={
              Array [
                Object {
                  "fontSize": 11,
                  "letterSpacing": 0.066,
                },
                Object {
                  "color": "#000",
                },
                Object {},
              ]
            }
          >
            No linebreakkkkkkkkkkkkkkkkkkkkkkkkkkkkkkkkkkkkkkkkkkkkkkkkkkkkkkkkkkkkkkkkkkkk
          </Text>
        </View>
      </View>
      <View
        style={
          Object {
            "justifyContent": "center",
          }
        }
      >
        <View
          style={
            Array [
              Object {
                "backgroundColor": "transparent",
                "borderColor": "#c7c7cc",
                "borderRightWidth": 1,
                "borderTopWidth": 1,
                "height": 10,
                "marginLeft": 7,
                "transform": Array [
                  Object {
                    "rotate": "45deg",
                  },
                ],
                "width": 10,
              },
              Object {
                "borderColor": "#C7C7CC",
              },
            ]
          }
        />
      </View>
    </View>
  </RCTSafeAreaView>
</View>
`;

exports[`renders with subtitle 1`] = `
<View>
  <RCTSafeAreaView
    emulateUnlessSupported={true}
    style={
      Array [
        Object {
          "backgroundColor": "#FFF",
        },
        Object {
          "flexGrow": 1,
        },
      ]
    }
  >
    <View
      style={
        Array [
          Object {
            "alignItems": "center",
            "flexDirection": "row",
            "minHeight": 44,
            "paddingLeft": 15,
            "paddingRight": 20,
          },
          Object {},
        ]
      }
    >
      <View
        style={
          Array [
            Object {
              "alignItems": "center",
              "flexBasis": 0,
              "flexDirection": "row",
              "flexGrow": 1,
              "justifyContent": "center",
              "paddingVertical": 10,
            },
            Object {
              "paddingVertical": 4,
            },
          ]
        }
      >
        <View
          style={
            Object {
              "flexDirection": "column",
              "flexGrow": 1,
            }
          }
        >
          <Text
            allowFontScaling={true}
            numberOfLines={1}
            style={
              Array [
                Object {
                  "flexGrow": 1,
                  "fontSize": 16,
                  "letterSpacing": -0.32,
                },
                Object {
                  "color": "#000",
                },
                Object {},
              ]
            }
          >
            Subtitle
          </Text>
          <Text
            allowFontScaling={true}
            numberOfLines={1}
            style={
              Array [
                Object {
                  "fontSize": 11,
                  "letterSpacing": 0.066,
                },
                Object {
                  "color": "#000",
                },
                Object {},
              ]
            }
          >
            No linebreakkkkkkkkkkkkkkkkkkkkkkkkkkkkkkkkkkkkkkkkkkkkkkkkkkkkkkkkkkkkkkkkkkkk
          </Text>
        </View>
      </View>
    </View>
  </RCTSafeAreaView>
</View>
`;
