// Jest Snapshot v1, https://goo.gl/fbAQLP

exports[`renders with accessory 1`] = `
<View>
  <RCTSafeAreaView
    emulateUnlessSupported={true}
    style={
      Array [
        Object {
          "flex": 1,
        },
        Object {
          "backgroundColor": "#FFF",
        },
      ]
    }
  >
    <View
      style={
        Array [
          Object {
            "alignItems": "center",
            "flexDirection": "row",
            "minHeight": 44,
            "paddingLeft": 15,
            "paddingRight": 20,
          },
          Object {
            "backgroundColor": "#FFF",
          },
          Object {},
        ]
      }
    >
      <View
        style={
          Object {
            "alignItems": "center",
            "flex": 1,
            "flexDirection": "row",
            "justifyContent": "center",
            "paddingVertical": 10,
          }
        }
      >
        <Text
          allowFontScaling={true}
          numberOfLines={1}
          style={
            Array [
              Object {
                "flex": 1,
                "fontSize": 16,
                "letterSpacing": -0.32,
              },
              Object {
                "color": "#000",
              },
              Object {},
            ]
          }
        >
          RightDetail
        </Text>
        <Text
          allowFontScaling={true}
          numberOfLines={1}
          style={
            Array [
              Object {
                "alignSelf": "center",
                "color": "#8E8E93",
                "fontSize": 16,
                "letterSpacing": -0.32,
              },
              Object {
                "color": "#8E8E93",
              },
              Object {},
            ]
          }
        >
          Detail
        </Text>
      </View>
      <View
        style={
          Object {
            "justifyContent": "center",
          }
        }
      >
        <View
          style={
            Array [
              Object {
                "backgroundColor": "transparent",
                "borderColor": "#c7c7cc",
                "borderRightWidth": 1,
                "borderTopWidth": 1,
                "height": 10,
                "marginLeft": 7,
                "transform": Array [
                  Object {
                    "rotate": "45deg",
                  },
                ],
                "width": 10,
              },
              Object {
                "borderColor": "#C7C7CC",
              },
            ]
          }
        />
      </View>
    </View>
  </RCTSafeAreaView>
</View>
`;

exports[`renders with right detail 1`] = `
<View>
  <RCTSafeAreaView
    emulateUnlessSupported={true}
    style={
      Array [
        Object {
          "flex": 1,
        },
        Object {
          "backgroundColor": "#FFF",
        },
      ]
    }
  >
    <View
      style={
        Array [
          Object {
            "alignItems": "center",
            "flexDirection": "row",
            "minHeight": 44,
            "paddingLeft": 15,
            "paddingRight": 20,
          },
          Object {
            "backgroundColor": "#FFF",
          },
          Object {},
        ]
      }
    >
      <View
        style={
          Object {
            "alignItems": "center",
            "flex": 1,
            "flexDirection": "row",
            "justifyContent": "center",
            "paddingVertical": 10,
          }
        }
      >
        <Text
          allowFontScaling={true}
          numberOfLines={1}
          style={
            Array [
              Object {
                "flex": 1,
                "fontSize": 16,
                "letterSpacing": -0.32,
              },
              Object {
                "color": "#000",
              },
              Object {},
            ]
          }
        >
          RightDetail
        </Text>
        <Text
          allowFontScaling={true}
          numberOfLines={1}
          style={
            Array [
              Object {
                "alignSelf": "center",
                "color": "#8E8E93",
                "fontSize": 16,
                "letterSpacing": -0.32,
              },
              Object {
                "color": "#8E8E93",
              },
              Object {},
            ]
          }
        >
          Detail
        </Text>
      </View>
    </View>
  </RCTSafeAreaView>
</View>
`;
